// Jest Snapshot v1, https://goo.gl/fbAQLP

exports[`<ModalBackdrop /> renders correctly  1`] = `
<View
  style={
    [
      {
        "backgroundColor": "red",
      },
      {
        "backgroundColor": "rgba(0,0,0,0.3)",
      },
      {
        "opacity": undefined,
      },
    ]
  }
/>
`;
