// Jest Snapshot v1, https://goo.gl/fbAQLP

exports[`<UserItem /> renders correctly when item data is correctly 1`] = `
<View
  accessibilityState={
    {
      "busy": undefined,
      "checked": undefined,
      "disabled": undefined,
      "expanded": undefined,
      "selected": undefined,
    }
  }
  accessibilityValue={
    {
      "max": undefined,
      "min": undefined,
      "now": undefined,
      "text": undefined,
    }
  }
  accessible={true}
  collapsable={false}
  focusable={true}
  onBlur={[Function]}
  onClick={[Function]}
  onFocus={[Function]}
  onResponderGrant={[Function]}
  onResponderMove={[Function]}
  onResponderRelease={[Function]}
  onResponderTerminate={[Function]}
  onResponderTerminationRequest={[Function]}
  onStartShouldSetResponder={[Function]}
  style={
    [
      [
        {
          "paddingHorizontal": 16,
          "paddingVertical": 12,
        },
        {
          "backgroundColor": "#C5281C",
          "paddingHorizontal": 12,
          "paddingVertical": 12,
        },
      ],
      {
        "backgroundColor": "#FFFFFF",
        "borderBottomColor": "#E5E8ED",
        "borderBottomWidth": 1,
        "paddingVertical": 8,
      },
      false,
      false,
    ]
  }
>
  <View
    style={
      [
        [
          {
            "flexGrow": 0,
            "flexShrink": 1,
            "marginStart": 4,
            "textAlign": "center",
            "zIndex": 2,
          },
          {
            "fontFamily": "System",
            "fontSize": 14,
            "fontWeight": "600",
            "letterSpacing": 0.15,
            "lineHeight": 20,
          },
          {
            "color": "#FFFFFF",
          },
        ],
        undefined,
        false,
        false,
      ]
    }
  >
    <View
      style={
        {
          "position": "absolute",
          "right": 0,
          "top": 0,
        }
      }
    >
      <Text
        collapsable={false}
        numberOfLines={1}
        style={
          {
            "alignSelf": "flex-end",
            "backgroundColor": "red",
            "borderRadius": 4,
            "color": "#fff",
            "fontSize": 10,
            "height": 20,
            "lineHeight": 10,
            "minWidth": 20,
            "opacity": 1,
            "overflow": "hidden",
            "paddingHorizontal": 4,
            "textAlign": "center",
            "textAlignVertical": "center",
          }
        }
      >
        Test
      </Text>
    </View>
    <View
      style={
        {
          "flex": 1,
          "flexDirection": "row",
          "overflow": "hidden",
        }
      }
    >
      <Text
        preset="body04"
        style={
          [
            {},
            {
              "color": "#000F27",
            },
            {
              "fontFamily": "System",
              "fontSize": 16,
              "fontWeight": "600",
              "letterSpacing": 0.15,
              "lineHeight": 24,
            },
            {
              "minWidth": 75,
            },
          ]
        }
      >
        System:
      </Text>
      <View
        style={
          [
            {
              "flexGrow": 0,
              "flexShrink": 0,
            },
            false,
            {
              "width": 12,
            },
            undefined,
          ]
        }
      />
      <Text
        preset="body04"
        style={
          [
            {},
            {
              "color": "#000F27",
            },
            {
              "fontFamily": "System",
              "fontSize": 16,
              "fontWeight": "600",
              "letterSpacing": 0.15,
              "lineHeight": 24,
            },
            {
              "flexWrap": "wrap",
              "overflow": "hidden",
            },
          ]
        }
      >
        EKYC
      </Text>
    </View>
    <View
      style={
        {
          "flex": 1,
          "flexDirection": "row",
          "overflow": "hidden",
        }
      }
    >
      <Text
        preset="body04"
        style={
          [
            {},
            {
              "color": "#000F27",
            },
            {
              "fontFamily": "System",
              "fontSize": 16,
              "fontWeight": "600",
              "letterSpacing": 0.15,
              "lineHeight": 24,
            },
            {
              "minWidth": 75,
            },
          ]
        }
      >
        Event time:
      </Text>
      <View
        style={
          [
            {
              "flexGrow": 0,
              "flexShrink": 0,
            },
            false,
            {
              "width": 12,
            },
            undefined,
          ]
        }
      />
      <Text
        preset="body02"
        style={
          [
            {},
            {
              "color": "#000F27",
            },
            {
              "fontFamily": "System",
              "fontSize": 16,
              "fontWeight": "400",
              "letterSpacing": 0.15,
              "lineHeight": 24,
            },
            {
              "flexWrap": "wrap",
              "overflow": "hidden",
            },
          ]
        }
      >
        1970-01-01 08:00:00
      </Text>
    </View>
  </View>
</View>
`;

exports[`<UserItem /> renders correctly when item is empty 1`] = `null`;
