// Jest Snapshot v1, https://goo.gl/fbAQLP

exports[`<Typography /> renders correctly with isRTL is true 1`] = `
<Text
  preset="body01"
  style={
    [
      {
        "writingDirection": "rtl",
      },
      {
        "color": "#000F27",
      },
      {
        "fontFamily": "System",
        "fontSize": 14,
        "fontWeight": "400",
        "letterSpacing": 0.15,
        "lineHeight": 20,
      },
      undefined,
    ]
  }
>
  body02 - Cillum eu laboris in labore
</Text>
`;

exports[`<Typography /> renders correctly with text which is looked up via i18n 1`] = `
[
  <Text
    preset="body02"
    style={
      [
        {
          "writingDirection": "rtl",
        },
        {
          "color": "#000F27",
        },
        {
          "fontFamily": "System",
          "fontSize": 16,
          "fontWeight": "400",
          "letterSpacing": 0.15,
          "lineHeight": 24,
        },
        undefined,
      ]
    }
  >
    body02 - Cillum eu laboris in labore
  </Text>,
  <Text
    preset="body03"
    style={
      [
        {
          "writingDirection": "rtl",
        },
        {
          "color": "#000F27",
        },
        {
          "fontFamily": "System",
          "fontSize": 14,
          "fontWeight": "600",
          "letterSpacing": 0.15,
          "lineHeight": 20,
        },
        undefined,
      ]
    }
  >
    body03 - Cillum eu laboris in labore
  </Text>,
  <Text
    preset="body04"
    style={
      [
        {
          "writingDirection": "rtl",
        },
        {
          "color": "#000F27",
        },
        {
          "fontFamily": "System",
          "fontSize": 16,
          "fontWeight": "600",
          "letterSpacing": 0.15,
          "lineHeight": 24,
        },
        undefined,
      ]
    }
  >
    body04 - Cillum eu laboris in labore
  </Text>,
  <Text
    preset="headline01"
    style={
      [
        {
          "writingDirection": "rtl",
        },
        {
          "color": "#000F27",
        },
        {
          "fontFamily": "System",
          "fontSize": 24,
          "fontWeight": "600",
          "letterSpacing": 0,
          "lineHeight": 32,
        },
        undefined,
      ]
    }
  >
    headline01 - Cillum eu laboris in labore
  </Text>,
  <Text
    preset="headline02"
    style={
      [
        {
          "writingDirection": "rtl",
        },
        {
          "color": "#000F27",
        },
        {
          "fontFamily": "System",
          "fontSize": 20,
          "fontWeight": "600",
          "letterSpacing": 0,
          "lineHeight": 28,
        },
        undefined,
      ]
    }
  >
    headline02 - Cillum eu laboris in labore
  </Text>,
  <Text
    preset="label01"
    style={
      [
        {
          "writingDirection": "rtl",
        },
        {
          "color": "#000F27",
        },
        {
          "fontFamily": "System",
          "fontSize": 14,
          "fontWeight": "600",
          "letterSpacing": 0.15,
          "lineHeight": 20,
        },
        undefined,
      ]
    }
  >
    label01 - Cillum eu laboris in labore
  </Text>,
  <Text
    preset="label02"
    style={
      [
        {
          "writingDirection": "rtl",
        },
        {
          "color": "#000F27",
        },
        {
          "fontFamily": "System",
          "fontSize": 16,
          "fontWeight": "600",
          "letterSpacing": 0.15,
          "lineHeight": 24,
        },
        undefined,
      ]
    }
  >
    label02 - Cillum eu laboris in labore
  </Text>,
  <Text
    preset="label03"
    style={
      [
        {
          "writingDirection": "rtl",
        },
        {
          "color": "#000F27",
        },
        {
          "fontFamily": "System",
          "fontSize": 14,
          "fontWeight": "400",
          "letterSpacing": 0.15,
          "lineHeight": 20,
        },
        undefined,
      ]
    }
  >
    label03 - Cillum eu laboris in labore
  </Text>,
  <Text
    preset="link01"
    style={
      [
        {
          "writingDirection": "rtl",
        },
        {
          "color": "#000F27",
        },
        {
          "fontFamily": "System",
          "fontSize": 14,
          "fontWeight": "500",
          "letterSpacing": 0.15,
          "lineHeight": 20,
        },
        undefined,
      ]
    }
  >
    link01 - Cillum eu laboris in labore
  </Text>,
  <Text
    preset="link02"
    style={
      [
        {
          "writingDirection": "rtl",
        },
        {
          "color": "#000F27",
        },
        {
          "fontFamily": "System",
          "fontSize": 16,
          "fontWeight": "500",
          "letterSpacing": 0.15,
          "lineHeight": 24,
        },
        undefined,
      ]
    }
  >
    link02 - Cillum eu laboris in labore
  </Text>,
  <Text
    preset="support01"
    style={
      [
        {
          "writingDirection": "rtl",
        },
        {
          "color": "#000F27",
        },
        {
          "fontFamily": "System",
          "fontSize": 12,
          "fontWeight": "400",
          "letterSpacing": 0.25,
          "lineHeight": 16,
        },
        undefined,
      ]
    }
  >
    support01 - Cillum eu laboris in labore
  </Text>,
  <Text
    preset="support02"
    style={
      [
        {
          "writingDirection": "rtl",
        },
        {
          "color": "#000F27",
        },
        {
          "fontFamily": "System",
          "fontSize": 12,
          "fontWeight": "600",
          "letterSpacing": 0.25,
          "lineHeight": 16,
        },
        undefined,
      ]
    }
  >
    support02 - Cillum eu laboris in labore
  </Text>,
  <Text
    preset="title01"
    style={
      [
        {
          "writingDirection": "rtl",
        },
        {
          "color": "#000F27",
        },
        {
          "fontFamily": "System",
          "fontSize": 24,
          "fontWeight": "600",
          "letterSpacing": 0.1,
          "lineHeight": 32,
        },
        undefined,
      ]
    }
  >
    title01 - Cillum eu laboris in labore
  </Text>,
  <Text
    preset="title02"
    style={
      [
        {
          "writingDirection": "rtl",
        },
        {
          "color": "#000F27",
        },
        {
          "fontFamily": "System",
          "fontSize": 20,
          "fontWeight": "600",
          "letterSpacing": 0.1,
          "lineHeight": 28,
        },
        undefined,
      ]
    }
  >
    common.back undefined
  </Text>,
  <Text
    preset="title02"
    style={
      [
        {
          "writingDirection": "rtl",
        },
        {
          "color": "#000F27",
        },
        {
          "fontFamily": "System",
          "fontSize": 20,
          "fontWeight": "600",
          "letterSpacing": 0.1,
          "lineHeight": 28,
        },
        undefined,
      ]
    }
  >
    <Text
      preset="title02"
      style={
        [
          {
            "writingDirection": "rtl",
          },
          {
            "color": "#000F27",
          },
          {
            "fontFamily": "System",
            "fontSize": 20,
            "fontWeight": "600",
            "letterSpacing": 0.1,
            "lineHeight": 28,
          },
          undefined,
        ]
      }
    >
      common.back undefined
    </Text>
  </Text>,
]
`;
